{
 "table": {
  "chb01": [
   5.81,
   9,
   2.11,
   6,
   [
    40,
    27,
    40
   ],
   [
    51,
    90,
    93,
    101
   ]
  ],
  "chb03": [
   1.81,
   4,
   6.27,
   12,
   [
    52,
    65,
    69
   ],
   [
    52,
    47,
    64,
    53
   ]
  ],
  "chb10": [
   4.9,
   4,
   6.27,
   8,
   [
    35,
    70,
    65
   ],
   [
    58,
    76,
    89,
    54
   ]
  ]
 },
 "mismatch": [],
 "exclusion_violations": [],
 "valid_set_size_first_test_phantom": {
  "chb01": 6461,
  "chb03": 20857,
  "chb10": 21133
 },
 "ok": true
}
