chb01 0 0.99 26 4 20 0.384 0.653
chb01 1 0.99 19 2 17 0.888 0.522
chb01 2 0.99 27 4 22 0.428 0.535
chb01 3 0.99 15 2 13 0.711 0.69
chb01 4 0.99 19 4 15 0.12 0.696
chb03 0 0.8 77 4 71 0.37 0.696
chb03 1 0.99 28 0 28 1.0 0.462
chb03 2 0.99 27 1 26 0.77 0.491
chb03 3 0.97 53 2 49 0.357 0.71
chb03 4 0.98 26 2 23 0.044 0.704
chb10 0 0.99 4 0 4 1.0 0.65
chb10 1 0.99 3 1 2 0.085 0.8
chb10 2 0.99 7 1 6 0.228 0.743
chb10 3 0.99 8 0 8 1.0 0.775
chb10 4 0.99 0 0 0 1.0 0.655
{
 "prepare_s": 33.23367714881897,
 "repro_chb01_r0": {
  "sha256_scores_hyps": [
   "ab27dd97600f8c1b5dda8633ef306e071f8c42fcc9006eea0f2a5b518601c52b",
   "ab27dd97600f8c1b5dda8633ef306e071f8c42fcc9006eea0f2a5b518601c52b"
  ],
  "T_A": [
   0.7448527356695104,
   0.7448527356695104
  ],
  "p_A_up": [
   0.003,
   0.003
  ],
  "t_rm": [
   0.89,
   0.89
  ],
  "E_rm": [
   0.065,
   0.065
  ]
 },
 "repro_identical": true,
 "alignment": {
  "n_leak": 1898,
  "n_leak_pos": 90,
  "feature_row_mismatch": 0,
  "label_mismatch": 0
 },
 "wall_s": 126.98674058914185,
 "peak_ram_mb": 695.0234375
}
{"fisher": {"T_A_up": 6.997441178392913e-10, "T_A_lo": 0.9999994392489017, "T_E_up": 0.4914680815292042, "T_E_lo": 0.9939901237039327}, "fisher_n": {"T_A": 15, "T_E": 13}, "n_degenerate": 2, "T_A_mean": 0.6521209132300244, "T_E_rm_mean": 0.1419079416776517, "pooled": [27, 304, 60], "t_rm": [0.99, 0.99, 0.99, 0.99, 0.99, 0.8, 0.99, 0.99, 0.97, 0.98, 0.99, 0.99, 0.99, 0.99, 0.99], "trip": false, "per_rep": [["chb01", 0, 0.99, 4, 20, 0.384, 82], ["chb01", 1, 0.99, 2, 17, 0.888, 82], ["chb01", 2, 0.99, 4, 22, 0.428, 82], ["chb01", 3, 0.99, 2, 13, 0.711, 82], ["chb01", 4, 0.99, 4, 15, 0.12, 82], ["chb03", 0, 0.8, 4, 71, 0.37, 53], ["chb03", 1, 0.99, 0, 28, 1.0, 53], ["chb03", 2, 0.99, 1, 26, 0.77, 53], ["chb03", 3, 0.97, 2, 49, 0.357, 53], ["chb03", 4, 0.98, 2, 23, 0.044, 53], ["chb10", 0, 0.99, 0, 4, 1.0, 68], ["chb10", 1, 0.99, 1, 2, 0.085, 68], ["chb10", 2, 0.99, 1, 6, 0.228, 68], ["chb10", 3, 0.99, 0, 8, 1.0, 68], ["chb10", 4, 0.99, 0, 0, 1.0, 68]]}
