chb01 0 14 0.86 0.99 0.333 1 1 0.245 0.305
chb01 1 10 0.06 0.17 0.333 2 6 0.182 0.151
chb01 2 95 0.05 0.99 0.0 0 4 1.0 1.0
chb01 3 3 0.05 0.07 0.286 2 8 0.373 0.373
chb01 4 95 0.05 0.99 0.0 0 0 1.0 1.0
chb01 5 95 0.05 0.99 0.0 0 0 1.0 1.0
chb01 6 5 0.15 0.19 0.167 1 7 0.642 0.656
chb01 7 8 0.45 0.52 0.167 1 7 0.72 0.72
chb01 8 18 0.09 0.26 0.174 2 17 0.949 0.954
chb01 9 3 0.87 0.89 0.4 2 4 0.096 0.096
chb03 0 1 0.99 0.99 0.133 2 24 0.111 0.111
chb03 1 1 0.22 0.22 0.081 3 67 0.487 0.487
chb03 2 1 0.3 0.3 0.143 2 22 0.175 0.175
chb03 3 1 0.98 0.98 0.133 2 24 0.111 0.111
chb03 4 3 0.08 0.1 0.111 1 13 0.357 0.399
chb03 5 1 0.07 0.07 0.075 3 73 0.758 0.758
chb03 6 1 0.86 0.86 0.105 2 32 0.368 0.368
chb03 7 1 0.77 0.77 0.167 1 7 0.272 0.272
chb03 8 1 0.08 0.08 0.083 2 42 0.394 0.394
chb03 9 1 0.05 0.05 0.103 4 70 0.432 0.432
chb10 0 1 0.14 0.14 0.138 2 23 0.246 0.246
chb10 1 1 0.07 0.07 0.061 1 28 0.726 0.726
chb10 2 1 0.99 0.99 0.286 1 2 0.092 0.092
chb10 3 1 0.07 0.07 0.077 3 71 0.83 0.83
chb10 4 1 0.05 0.05 0.077 3 71 0.884 0.884
chb10 5 95 0.05 0.99 0.0 0 3 1.0 1.0
chb10 6 1 0.97 0.97 0.2 3 23 0.029 0.029
chb10 7 2 0.85 0.86 0.167 1 7 0.31 0.31
chb10 8 1 0.29 0.29 0.095 2 36 0.357 0.357
chb10 9 95 0.05 0.99 0.0 0 0 1.0 1.0
{
 "ncp_sha_reproduced": 30,
 "literal_small_tau_reproduced": 30,
 "n_reps": 30,
 "n_reps_with_ties": 14,
 "fisher_up_largest_tau": 0.2877104052306076,
 "n_retained": 27,
 "fisher_up_card_smallest_tau": 0.5128983384039298,
 "trip_largest_tau": false,
 "wall_s": 233.58103561401367,
 "peak_ram_mb": 694.46484375
}
